// Jest Snapshot v1, https://goo.gl/fbAQLP

exports[`NTFFavorites should match snapshot 1`] = `
{
  "asFragment": [Function],
  "baseElement": <body>
    <div>
      <div
        class="flex justify-center mt-1 sm:mt-4"
      >
        <div
          class="flex flex-wrap justify-center gap-5 sm:justify-start max-w-[738px] xl:max-w-[1084px] 2xl:max-w-[1500px] w-full"
        >
          <a
            class="relative"
            data-testid="nft-card"
            href="/nft-marketplace/1"
          >
            <div
              class="bg-white dark:bg-indigo rounded-md p-5"
            >
              <div
                class="relative w-[308px] h-[205px] rounded-[18px] overflow-hidden"
              >
                <img
                  alt="Mesh Gradients"
                  class="object-cover"
                  data-nimg="fill"
                  decoding="async"
                  loading="lazy"
                  sizes="100vw"
                  src="/_next/image?url=%2Fnft-default.webp&w=3840&q=75"
                  srcset="/_next/image?url=%2Fnft-default.webp&w=640&q=75 640w, /_next/image?url=%2Fnft-default.webp&w=750&q=75 750w, /_next/image?url=%2Fnft-default.webp&w=828&q=75 828w, /_next/image?url=%2Fnft-default.webp&w=1080&q=75 1080w, /_next/image?url=%2Fnft-default.webp&w=1200&q=75 1200w, /_next/image?url=%2Fnft-default.webp&w=1920&q=75 1920w, /_next/image?url=%2Fnft-default.webp&w=2048&q=75 2048w, /_next/image?url=%2Fnft-default.webp&w=3840&q=75 3840w"
                  style="position: absolute; height: 100%; width: 100%; left: 0px; top: 0px; right: 0px; bottom: 0px; color: transparent; background-size: cover; background-position: 50% 50%; background-repeat: no-repeat;"
                />
              </div>
              <div
                class="flex justify-between pt-5"
              >
                <div>
                  <p
                    class="text-primary dark:text-white text-extra font-bold leading-large text-large"
                  >
                    Mesh Gradients
                  </p>
                  <p
                    class="text-secondary dark:text-secondary text-small font-medium"
                  >
                    By User 1
                  </p>
                </div>
                <div
                  class="flex items-center justify-center h-auto w-max [&>span]:w-[27px] [&>span]:h-[27px] [&>span]:ring-offset-0"
                  role="group"
                >
                  <span
                    class="flex relative justify-center items-center box-border overflow-hidden align-middle z-0 outline-none data-[focus-visible=true]:z-10 data-[focus-visible=true]:outline-2 data-[focus-visible=true]:outline-focus data-[focus-visible=true]:outline-offset-2 w-10 h-10 text-tiny bg-default text-default-foreground rounded-full ring-2 ring-offset-2 ring-offset-background dark:ring-offset-background-dark data-[hover=true]:-translate-x-3 rtl:data-[hover=true]:translate-x-3 transition-transform data-[focus-visible=true]:-translate-x-3 rtl:data-[focus-visible=true]:translate-x-3 ring-default ms-0"
                    tabindex="-1"
                  >
                    <img
                      alt="Adela Parkson"
                      class="flex object-cover w-full h-full transition-opacity !duration-500 opacity-0 data-[loaded=true]:opacity-100"
                      data-nimg="1"
                      decoding="async"
                      height="27"
                      loading="lazy"
                      src="/_next/image?url=https%3A%2F%2Fres.cloudinary.com%2Fdn5vw6fjp%2Fimage%2Fupload%2Fv1726630608%2Fimage_de1e29b0b7.png&w=64&q=75"
                      srcset="/_next/image?url=https%3A%2F%2Fres.cloudinary.com%2Fdn5vw6fjp%2Fimage%2Fupload%2Fv1726630608%2Fimage_de1e29b0b7.png&w=32&q=75 1x, /_next/image?url=https%3A%2F%2Fres.cloudinary.com%2Fdn5vw6fjp%2Fimage%2Fupload%2Fv1726630608%2Fimage_de1e29b0b7.png&w=64&q=75 2x"
                      style="color: transparent;"
                      width="27"
                    />
                  </span>
                  <span
                    class="flex relative justify-center items-center box-border overflow-hidden align-middle z-0 outline-none data-[focus-visible=true]:z-10 data-[focus-visible=true]:outline-2 data-[focus-visible=true]:outline-focus data-[focus-visible=true]:outline-offset-2 w-10 h-10 text-tiny bg-default text-default-foreground rounded-full ring-2 ring-offset-2 ring-offset-background dark:ring-offset-background-dark data-[hover=true]:-translate-x-3 rtl:data-[hover=true]:translate-x-3 transition-transform data-[focus-visible=true]:-translate-x-3 rtl:data-[focus-visible=true]:translate-x-3 ring-default -ms-2"
                    tabindex="-1"
                  >
                    <img
                      alt="user2"
                      class="flex object-cover w-full h-full transition-opacity !duration-500 opacity-0 data-[loaded=true]:opacity-100"
                      data-nimg="1"
                      decoding="async"
                      height="27"
                      loading="lazy"
                      src="/_next/image?url=https%3A%2F%2Fres.cloudinary.com%2Fdn5vw6fjp%2Fimage%2Fupload%2Fv1726630608%2Fimage_de1e29b0b7.png&w=64&q=75"
                      srcset="/_next/image?url=https%3A%2F%2Fres.cloudinary.com%2Fdn5vw6fjp%2Fimage%2Fupload%2Fv1726630608%2Fimage_de1e29b0b7.png&w=32&q=75 1x, /_next/image?url=https%3A%2F%2Fres.cloudinary.com%2Fdn5vw6fjp%2Fimage%2Fupload%2Fv1726630608%2Fimage_de1e29b0b7.png&w=64&q=75 2x"
                      style="color: transparent;"
                      width="27"
                    />
                  </span>
                  <span
                    class="flex relative justify-center items-center box-border overflow-hidden align-middle z-0 outline-none data-[focus-visible=true]:z-10 data-[focus-visible=true]:outline-2 data-[focus-visible=true]:outline-focus data-[focus-visible=true]:outline-offset-2 w-10 h-10 text-tiny bg-default text-default-foreground rounded-full ring-2 ring-offset-2 ring-offset-background dark:ring-offset-background-dark data-[hover=true]:-translate-x-3 rtl:data-[hover=true]:translate-x-3 transition-transform data-[focus-visible=true]:-translate-x-3 rtl:data-[focus-visible=true]:translate-x-3 ring-default -ms-2"
                    tabindex="-1"
                  >
                    <img
                      alt="user3"
                      class="flex object-cover w-full h-full transition-opacity !duration-500 opacity-0 data-[loaded=true]:opacity-100"
                      data-nimg="1"
                      decoding="async"
                      height="27"
                      loading="lazy"
                      src="/_next/image?url=https%3A%2F%2Fres.cloudinary.com%2Fdn5vw6fjp%2Fimage%2Fupload%2Fv1726630608%2Fimage_de1e29b0b7.png&w=64&q=75"
                      srcset="/_next/image?url=https%3A%2F%2Fres.cloudinary.com%2Fdn5vw6fjp%2Fimage%2Fupload%2Fv1726630608%2Fimage_de1e29b0b7.png&w=32&q=75 1x, /_next/image?url=https%3A%2F%2Fres.cloudinary.com%2Fdn5vw6fjp%2Fimage%2Fupload%2Fv1726630608%2Fimage_de1e29b0b7.png&w=64&q=75 2x"
                      style="color: transparent;"
                      width="27"
                    />
                  </span>
                  <span
                    class="flex relative justify-center items-center box-border overflow-hidden align-middle z-0 outline-none data-[focus-visible=true]:z-10 data-[focus-visible=true]:outline-2 data-[focus-visible=true]:outline-focus data-[focus-visible=true]:outline-offset-2 w-10 h-10 text-tiny bg-default text-default-foreground rounded-full ring-2 ring-offset-2 ring-offset-background dark:ring-offset-background-dark -ms-2 data-[hover=true]:-translate-x-3 rtl:data-[hover=true]:translate-x-3 transition-transform data-[focus-visible=true]:-translate-x-3 rtl:data-[focus-visible=true]:translate-x-3 ring-default hover:-translate-x-0"
                    tabindex="-1"
                  >
                    <span
                      aria-label="+1"
                      class="absolute top-1/2 left-1/2 -translate-x-1/2 -translate-y-1/2 font-normal text-center text-inherit"
                      role="img"
                    >
                      +1
                    </span>
                  </span>
                </div>
              </div>
              <p
                class="text-primary dark:text-white text-small text-blue-450 font-bold pt-[25px]"
              >
                Current Bid: 1.23 USD
              </p>
            </div>
          </a>
        </div>
      </div>
    </div>
  </body>,
  "container": <div>
    <div
      class="flex justify-center mt-1 sm:mt-4"
    >
      <div
        class="flex flex-wrap justify-center gap-5 sm:justify-start max-w-[738px] xl:max-w-[1084px] 2xl:max-w-[1500px] w-full"
      >
        <a
          class="relative"
          data-testid="nft-card"
          href="/nft-marketplace/1"
        >
          <div
            class="bg-white dark:bg-indigo rounded-md p-5"
          >
            <div
              class="relative w-[308px] h-[205px] rounded-[18px] overflow-hidden"
            >
              <img
                alt="Mesh Gradients"
                class="object-cover"
                data-nimg="fill"
                decoding="async"
                loading="lazy"
                sizes="100vw"
                src="/_next/image?url=%2Fnft-default.webp&w=3840&q=75"
                srcset="/_next/image?url=%2Fnft-default.webp&w=640&q=75 640w, /_next/image?url=%2Fnft-default.webp&w=750&q=75 750w, /_next/image?url=%2Fnft-default.webp&w=828&q=75 828w, /_next/image?url=%2Fnft-default.webp&w=1080&q=75 1080w, /_next/image?url=%2Fnft-default.webp&w=1200&q=75 1200w, /_next/image?url=%2Fnft-default.webp&w=1920&q=75 1920w, /_next/image?url=%2Fnft-default.webp&w=2048&q=75 2048w, /_next/image?url=%2Fnft-default.webp&w=3840&q=75 3840w"
                style="position: absolute; height: 100%; width: 100%; left: 0px; top: 0px; right: 0px; bottom: 0px; color: transparent; background-size: cover; background-position: 50% 50%; background-repeat: no-repeat;"
              />
            </div>
            <div
              class="flex justify-between pt-5"
            >
              <div>
                <p
                  class="text-primary dark:text-white text-extra font-bold leading-large text-large"
                >
                  Mesh Gradients
                </p>
                <p
                  class="text-secondary dark:text-secondary text-small font-medium"
                >
                  By User 1
                </p>
              </div>
              <div
                class="flex items-center justify-center h-auto w-max [&>span]:w-[27px] [&>span]:h-[27px] [&>span]:ring-offset-0"
                role="group"
              >
                <span
                  class="flex relative justify-center items-center box-border overflow-hidden align-middle z-0 outline-none data-[focus-visible=true]:z-10 data-[focus-visible=true]:outline-2 data-[focus-visible=true]:outline-focus data-[focus-visible=true]:outline-offset-2 w-10 h-10 text-tiny bg-default text-default-foreground rounded-full ring-2 ring-offset-2 ring-offset-background dark:ring-offset-background-dark data-[hover=true]:-translate-x-3 rtl:data-[hover=true]:translate-x-3 transition-transform data-[focus-visible=true]:-translate-x-3 rtl:data-[focus-visible=true]:translate-x-3 ring-default ms-0"
                  tabindex="-1"
                >
                  <img
                    alt="Adela Parkson"
                    class="flex object-cover w-full h-full transition-opacity !duration-500 opacity-0 data-[loaded=true]:opacity-100"
                    data-nimg="1"
                    decoding="async"
                    height="27"
                    loading="lazy"
                    src="/_next/image?url=https%3A%2F%2Fres.cloudinary.com%2Fdn5vw6fjp%2Fimage%2Fupload%2Fv1726630608%2Fimage_de1e29b0b7.png&w=64&q=75"
                    srcset="/_next/image?url=https%3A%2F%2Fres.cloudinary.com%2Fdn5vw6fjp%2Fimage%2Fupload%2Fv1726630608%2Fimage_de1e29b0b7.png&w=32&q=75 1x, /_next/image?url=https%3A%2F%2Fres.cloudinary.com%2Fdn5vw6fjp%2Fimage%2Fupload%2Fv1726630608%2Fimage_de1e29b0b7.png&w=64&q=75 2x"
                    style="color: transparent;"
                    width="27"
                  />
                </span>
                <span
                  class="flex relative justify-center items-center box-border overflow-hidden align-middle z-0 outline-none data-[focus-visible=true]:z-10 data-[focus-visible=true]:outline-2 data-[focus-visible=true]:outline-focus data-[focus-visible=true]:outline-offset-2 w-10 h-10 text-tiny bg-default text-default-foreground rounded-full ring-2 ring-offset-2 ring-offset-background dark:ring-offset-background-dark data-[hover=true]:-translate-x-3 rtl:data-[hover=true]:translate-x-3 transition-transform data-[focus-visible=true]:-translate-x-3 rtl:data-[focus-visible=true]:translate-x-3 ring-default -ms-2"
                  tabindex="-1"
                >
                  <img
                    alt="user2"
                    class="flex object-cover w-full h-full transition-opacity !duration-500 opacity-0 data-[loaded=true]:opacity-100"
                    data-nimg="1"
                    decoding="async"
                    height="27"
                    loading="lazy"
                    src="/_next/image?url=https%3A%2F%2Fres.cloudinary.com%2Fdn5vw6fjp%2Fimage%2Fupload%2Fv1726630608%2Fimage_de1e29b0b7.png&w=64&q=75"
                    srcset="/_next/image?url=https%3A%2F%2Fres.cloudinary.com%2Fdn5vw6fjp%2Fimage%2Fupload%2Fv1726630608%2Fimage_de1e29b0b7.png&w=32&q=75 1x, /_next/image?url=https%3A%2F%2Fres.cloudinary.com%2Fdn5vw6fjp%2Fimage%2Fupload%2Fv1726630608%2Fimage_de1e29b0b7.png&w=64&q=75 2x"
                    style="color: transparent;"
                    width="27"
                  />
                </span>
                <span
                  class="flex relative justify-center items-center box-border overflow-hidden align-middle z-0 outline-none data-[focus-visible=true]:z-10 data-[focus-visible=true]:outline-2 data-[focus-visible=true]:outline-focus data-[focus-visible=true]:outline-offset-2 w-10 h-10 text-tiny bg-default text-default-foreground rounded-full ring-2 ring-offset-2 ring-offset-background dark:ring-offset-background-dark data-[hover=true]:-translate-x-3 rtl:data-[hover=true]:translate-x-3 transition-transform data-[focus-visible=true]:-translate-x-3 rtl:data-[focus-visible=true]:translate-x-3 ring-default -ms-2"
                  tabindex="-1"
                >
                  <img
                    alt="user3"
                    class="flex object-cover w-full h-full transition-opacity !duration-500 opacity-0 data-[loaded=true]:opacity-100"
                    data-nimg="1"
                    decoding="async"
                    height="27"
                    loading="lazy"
                    src="/_next/image?url=https%3A%2F%2Fres.cloudinary.com%2Fdn5vw6fjp%2Fimage%2Fupload%2Fv1726630608%2Fimage_de1e29b0b7.png&w=64&q=75"
                    srcset="/_next/image?url=https%3A%2F%2Fres.cloudinary.com%2Fdn5vw6fjp%2Fimage%2Fupload%2Fv1726630608%2Fimage_de1e29b0b7.png&w=32&q=75 1x, /_next/image?url=https%3A%2F%2Fres.cloudinary.com%2Fdn5vw6fjp%2Fimage%2Fupload%2Fv1726630608%2Fimage_de1e29b0b7.png&w=64&q=75 2x"
                    style="color: transparent;"
                    width="27"
                  />
                </span>
                <span
                  class="flex relative justify-center items-center box-border overflow-hidden align-middle z-0 outline-none data-[focus-visible=true]:z-10 data-[focus-visible=true]:outline-2 data-[focus-visible=true]:outline-focus data-[focus-visible=true]:outline-offset-2 w-10 h-10 text-tiny bg-default text-default-foreground rounded-full ring-2 ring-offset-2 ring-offset-background dark:ring-offset-background-dark -ms-2 data-[hover=true]:-translate-x-3 rtl:data-[hover=true]:translate-x-3 transition-transform data-[focus-visible=true]:-translate-x-3 rtl:data-[focus-visible=true]:translate-x-3 ring-default hover:-translate-x-0"
                  tabindex="-1"
                >
                  <span
                    aria-label="+1"
                    class="absolute top-1/2 left-1/2 -translate-x-1/2 -translate-y-1/2 font-normal text-center text-inherit"
                    role="img"
                  >
                    +1
                  </span>
                </span>
              </div>
            </div>
            <p
              class="text-primary dark:text-white text-small text-blue-450 font-bold pt-[25px]"
            >
              Current Bid: 1.23 USD
            </p>
          </div>
        </a>
      </div>
    </div>
  </div>,
  "debug": [Function],
  "findAllByAltText": [Function],
  "findAllByDisplayValue": [Function],
  "findAllByLabelText": [Function],
  "findAllByPlaceholderText": [Function],
  "findAllByRole": [Function],
  "findAllByTestId": [Function],
  "findAllByText": [Function],
  "findAllByTitle": [Function],
  "findByAltText": [Function],
  "findByDisplayValue": [Function],
  "findByLabelText": [Function],
  "findByPlaceholderText": [Function],
  "findByRole": [Function],
  "findByTestId": [Function],
  "findByText": [Function],
  "findByTitle": [Function],
  "getAllByAltText": [Function],
  "getAllByDisplayValue": [Function],
  "getAllByLabelText": [Function],
  "getAllByPlaceholderText": [Function],
  "getAllByRole": [Function],
  "getAllByTestId": [Function],
  "getAllByText": [Function],
  "getAllByTitle": [Function],
  "getByAltText": [Function],
  "getByDisplayValue": [Function],
  "getByLabelText": [Function],
  "getByPlaceholderText": [Function],
  "getByRole": [Function],
  "getByTestId": [Function],
  "getByText": [Function],
  "getByTitle": [Function],
  "queryAllByAltText": [Function],
  "queryAllByDisplayValue": [Function],
  "queryAllByLabelText": [Function],
  "queryAllByPlaceholderText": [Function],
  "queryAllByRole": [Function],
  "queryAllByTestId": [Function],
  "queryAllByText": [Function],
  "queryAllByTitle": [Function],
  "queryByAltText": [Function],
  "queryByDisplayValue": [Function],
  "queryByLabelText": [Function],
  "queryByPlaceholderText": [Function],
  "queryByRole": [Function],
  "queryByTestId": [Function],
  "queryByText": [Function],
  "queryByTitle": [Function],
  "rerender": [Function],
  "unmount": [Function],
}
`;
