// Jest Snapshot v1, https://goo.gl/fbAQLP

exports[`ProfileDropDown tests Should match snapshot 1`] = `
<div>
  <div>
    <button
      aria-expanded="false"
      class="z-10 subpixel-antialiased focus-visible:outline-none aria-expanded:scale-1 aria-expanded:opacity-100"
      data-slot="trigger"
      data-testid="profile-trigger-btn"
      type="button"
    >
      <span
        class="flex relative justify-center items-center box-border overflow-hidden align-middle z-0 outline-none data-[focus-visible=true]:z-10 data-[focus-visible=true]:outline-2 data-[focus-visible=true]:outline-focus data-[focus-visible=true]:outline-offset-2 w-10 h-10 text-tiny bg-default text-default-foreground rounded-full"
        tabindex="-1"
      >
        <img
          alt="Adela Parkson"
          class="flex object-cover w-full h-full transition-opacity !duration-500 opacity-0 data-[loaded=true]:opacity-100"
          src="https://res.cloudinary.com/dn5vw6fjp/image/upload/v1726630608/image_de1e29b0b7.png"
        />
      </span>
    </button>
  </div>
</div>
`;
