// Jest Snapshot v1, https://goo.gl/fbAQLP

exports[`ProfileDropDown tests Should match snapshot 1`] = `
<div>
  <button
    aria-expanded="false"
    class="z-10 subpixel-antialiased focus-visible:outline-none aria-expanded:scale-1 aria-expanded:opacity-100"
    data-slot="trigger"
    data-testid="profile-trigger-btn"
    type="button"
  >
    <img
      alt="Adela Parkson"
      class="min-w-10 rounded-full"
      data-nimg="1"
      decoding="async"
      height="40"
      loading="lazy"
      src="/_next/image?url=https%3A%2F%2Fres.cloudinary.com%2Fdn5vw6fjp%2Fimage%2Fupload%2Fv1726630608%2Fimage_de1e29b0b7.png&w=96&q=75"
      srcset="/_next/image?url=https%3A%2F%2Fres.cloudinary.com%2Fdn5vw6fjp%2Fimage%2Fupload%2Fv1726630608%2Fimage_de1e29b0b7.png&w=48&q=75 1x, /_next/image?url=https%3A%2F%2Fres.cloudinary.com%2Fdn5vw6fjp%2Fimage%2Fupload%2Fv1726630608%2Fimage_de1e29b0b7.png&w=96&q=75 2x"
      style="color: transparent;"
      width="40"
    />
  </button>
</div>
`;
