// Jest Snapshot v1, https://goo.gl/fbAQLP

exports[`Banner component Should match snapshot 1`] = `
<div>
  <div
    class="w-[300px] h-[250px] flex items-end justify-center"
  >
    <div
      class="w-[228px] h-[190px] bg-gradient-to-br from-purple-750 to-blue-450 rounded-2xl relative"
    >
      <div
        class="w-[94px] h-[94px] top-[-47px] left-[65px] relative bg-gradient-to-br from-purple-750 to-blue-450 rounded-full border-5 border-white dark:border-indigo"
      >
        <img
          alt="vector"
          class="absolute top-[22px] left-[22px]"
          data-nimg="1"
          decoding="async"
          height="41"
          loading="lazy"
          sizes=""
          src="/_next/image?url=%2Fvector.webp&w=96&q=75"
          srcset="/_next/image?url=%2Fvector.webp&w=48&q=75 1x, /_next/image?url=%2Fvector.webp&w=96&q=75 2x"
          style="color: transparent; background-size: cover; background-position: 50% 50%; background-repeat: no-repeat;"
          width="41"
        />
      </div>
      <div
        class="absolute top-[70px]"
      >
        <h1
          class="text-primary dark:text-white text-medium text-white font-bold leading-9 text-center"
        >
          Upgrade to PRO
        </h1>
        <h2
          class="text-primary dark:text-white text-small text-white leading-5 font-medium text-center"
        >
          to get access to all features! Connect with Venus World!
        </h2>
      </div>
    </div>
  </div>
</div>
`;
