// Jest Snapshot v1, https://goo.gl/fbAQLP

exports[`GeneralInformation component GeneralInformation should render match snapshot 1`] = `
<div>
  <div
    class="dark:bg-indigo bg-white pt-[23px] p-[31px] rounded-md"
  >
    <div
      class="text-center xl:text-start mb-6"
    >
      <p
        class="text-primary dark:text-white text-1.5xl leading-xl font-extrabold leading-8 mb-4"
      >
        General Information
      </p>
      <p
        class="text-secondary dark:text-secondary text-medium leading-xl leading-[26px] tracking-tight mb-8"
      >
        As we live, our hearts turn colder. Cause pain is what we go through as we become older. We get insulted by others, lose trust for those others. We get back stabbed by friends. It becomes harder for us to give others a hand. We get our heart broken by people we love, even that we give them all...
      </p>
    </div>
    <div
      class="grid grid-cols-1 sm:grid-cols-3 md:grid-cols-2 gap-4"
    >
      <div
        class="group flex flex-col data-[hidden=true]:hidden w-full px-2 py-3 dark:bg-indigo-light shadow-light-card dark:shadow-none hover:bg-white rounded-md"
        data-filled="true"
        data-filled-within="true"
        data-has-elements="true"
        data-has-label="true"
        data-slot="base"
      >
        <div
          class="relative w-full inline-flex tap-highlight-transparent px-3 min-h-12 rounded-large flex-col items-start justify-center transition-background motion-reduce:transition-none !duration-150 outline-none group-data-[focus-visible=true]:z-10 group-data-[focus-visible=true]:ring-2 group-data-[focus-visible=true]:ring-focus group-data-[focus-visible=true]:ring-offset-2 group-data-[focus-visible=true]:ring-offset-background h-16 py-2.5 gap-0 bg-white group-data-[focus=true]:bg-white data-[hover=true]:bg-white hover:bg-white dark:bg-indigo-light group-data-[focus=true]:dark:bg-indigo-light shadow-none"
          data-slot="input-wrapper"
          style="cursor: text;"
        >
          <label
            class="absolute z-10 pointer-events-none origin-top-left rtl:origin-top-right subpixel-antialiased block text-foreground-500 cursor-text will-change-auto !duration-200 !ease-out motion-reduce:transition-none transition-[transform,color,left,opacity] group-data-[filled-within=true]:pointer-events-auto group-data-[filled-within=true]:scale-85 text-medium group-data-[filled-within=true]:-translate-y-[calc(50%_+_theme(fontSize.small)/2_-_8px)] pe-2 max-w-full text-ellipsis overflow-hidden group-data-[filled-within=true]:text-secondary"
            data-slot="label"
            for="react-aria-:r0:"
            id="react-aria-:r1:"
          >
            Education
          </label>
          <div
            class="inline-flex w-full items-center h-full box-border group-data-[has-label=true]:items-end pb-0.5"
            data-slot="inner-wrapper"
          >
            <input
              aria-label="Education"
              aria-labelledby="react-aria-:r0: react-aria-:r1:"
              class="w-full font-normal bg-transparent !outline-none placeholder:text-foreground-500 focus-visible:outline-none data-[has-start-content=true]:ps-1.5 data-[has-end-content=true]:pe-1.5 file:cursor-pointer file:bg-transparent file:border-0 autofill:bg-transparent bg-clip-text text-medium group-data-[has-value=true]:text-primary group-data-[has-value=true]:dark:text-white"
              data-slot="input"
              id="react-aria-:r0:"
              name="education"
              placeholder="Update your education"
              type="text"
              value=""
            />
          </div>
        </div>
      </div>
      <div
        class="group flex flex-col data-[hidden=true]:hidden w-full px-2 py-3 dark:bg-indigo-light shadow-light-card dark:shadow-none hover:bg-white rounded-md"
        data-filled="true"
        data-filled-within="true"
        data-has-elements="true"
        data-has-label="true"
        data-slot="base"
      >
        <div
          class="relative w-full inline-flex tap-highlight-transparent px-3 min-h-12 rounded-large flex-col items-start justify-center transition-background motion-reduce:transition-none !duration-150 outline-none group-data-[focus-visible=true]:z-10 group-data-[focus-visible=true]:ring-2 group-data-[focus-visible=true]:ring-focus group-data-[focus-visible=true]:ring-offset-2 group-data-[focus-visible=true]:ring-offset-background h-16 py-2.5 gap-0 bg-white group-data-[focus=true]:bg-white data-[hover=true]:bg-white hover:bg-white dark:bg-indigo-light group-data-[focus=true]:dark:bg-indigo-light shadow-none"
          data-slot="input-wrapper"
          style="cursor: text;"
        >
          <label
            class="absolute z-10 pointer-events-none origin-top-left rtl:origin-top-right subpixel-antialiased block text-foreground-500 cursor-text will-change-auto !duration-200 !ease-out motion-reduce:transition-none transition-[transform,color,left,opacity] group-data-[filled-within=true]:pointer-events-auto group-data-[filled-within=true]:scale-85 text-medium group-data-[filled-within=true]:-translate-y-[calc(50%_+_theme(fontSize.small)/2_-_8px)] pe-2 max-w-full text-ellipsis overflow-hidden group-data-[filled-within=true]:text-secondary"
            data-slot="label"
            for="react-aria-:r5:"
            id="react-aria-:r6:"
          >
            Languages
          </label>
          <div
            class="inline-flex w-full items-center h-full box-border group-data-[has-label=true]:items-end pb-0.5"
            data-slot="inner-wrapper"
          >
            <input
              aria-label="Languages"
              aria-labelledby="react-aria-:r5: react-aria-:r6:"
              class="w-full font-normal bg-transparent !outline-none placeholder:text-foreground-500 focus-visible:outline-none data-[has-start-content=true]:ps-1.5 data-[has-end-content=true]:pe-1.5 file:cursor-pointer file:bg-transparent file:border-0 autofill:bg-transparent bg-clip-text text-medium group-data-[has-value=true]:text-primary group-data-[has-value=true]:dark:text-white"
              data-slot="input"
              id="react-aria-:r5:"
              name="languages"
              placeholder="Update your language"
              type="text"
              value=""
            />
          </div>
        </div>
      </div>
      <div
        class="group flex flex-col data-[hidden=true]:hidden w-full px-2 py-3 dark:bg-indigo-light shadow-light-card dark:shadow-none hover:bg-white rounded-md"
        data-filled="true"
        data-filled-within="true"
        data-has-elements="true"
        data-has-label="true"
        data-slot="base"
      >
        <div
          class="relative w-full inline-flex tap-highlight-transparent px-3 min-h-12 rounded-large flex-col items-start justify-center transition-background motion-reduce:transition-none !duration-150 outline-none group-data-[focus-visible=true]:z-10 group-data-[focus-visible=true]:ring-2 group-data-[focus-visible=true]:ring-focus group-data-[focus-visible=true]:ring-offset-2 group-data-[focus-visible=true]:ring-offset-background h-16 py-2.5 gap-0 bg-white group-data-[focus=true]:bg-white data-[hover=true]:bg-white hover:bg-white dark:bg-indigo-light group-data-[focus=true]:dark:bg-indigo-light shadow-none"
          data-slot="input-wrapper"
          style="cursor: text;"
        >
          <label
            class="absolute z-10 pointer-events-none origin-top-left rtl:origin-top-right subpixel-antialiased block text-foreground-500 cursor-text will-change-auto !duration-200 !ease-out motion-reduce:transition-none transition-[transform,color,left,opacity] group-data-[filled-within=true]:pointer-events-auto group-data-[filled-within=true]:scale-85 text-medium group-data-[filled-within=true]:-translate-y-[calc(50%_+_theme(fontSize.small)/2_-_8px)] pe-2 max-w-full text-ellipsis overflow-hidden group-data-[filled-within=true]:text-secondary"
            data-slot="label"
            for="react-aria-:ra:"
            id="react-aria-:rb:"
          >
            Department
          </label>
          <div
            class="inline-flex w-full items-center h-full box-border group-data-[has-label=true]:items-end pb-0.5"
            data-slot="inner-wrapper"
          >
            <input
              aria-label="Department"
              aria-labelledby="react-aria-:ra: react-aria-:rb:"
              class="w-full font-normal bg-transparent !outline-none placeholder:text-foreground-500 focus-visible:outline-none data-[has-start-content=true]:ps-1.5 data-[has-end-content=true]:pe-1.5 file:cursor-pointer file:bg-transparent file:border-0 autofill:bg-transparent bg-clip-text text-medium group-data-[has-value=true]:text-primary group-data-[has-value=true]:dark:text-white"
              data-slot="input"
              id="react-aria-:ra:"
              name="department"
              placeholder="Update your department"
              type="text"
              value=""
            />
          </div>
        </div>
      </div>
      <div
        class="group flex flex-col data-[hidden=true]:hidden w-full px-2 py-3 dark:bg-indigo-light shadow-light-card dark:shadow-none hover:bg-white rounded-md"
        data-filled="true"
        data-filled-within="true"
        data-has-elements="true"
        data-has-label="true"
        data-slot="base"
      >
        <div
          class="relative w-full inline-flex tap-highlight-transparent px-3 min-h-12 rounded-large flex-col items-start justify-center transition-background motion-reduce:transition-none !duration-150 outline-none group-data-[focus-visible=true]:z-10 group-data-[focus-visible=true]:ring-2 group-data-[focus-visible=true]:ring-focus group-data-[focus-visible=true]:ring-offset-2 group-data-[focus-visible=true]:ring-offset-background h-16 py-2.5 gap-0 bg-white group-data-[focus=true]:bg-white data-[hover=true]:bg-white hover:bg-white dark:bg-indigo-light group-data-[focus=true]:dark:bg-indigo-light shadow-none"
          data-slot="input-wrapper"
          style="cursor: text;"
        >
          <label
            class="absolute z-10 pointer-events-none origin-top-left rtl:origin-top-right subpixel-antialiased block text-foreground-500 cursor-text will-change-auto !duration-200 !ease-out motion-reduce:transition-none transition-[transform,color,left,opacity] group-data-[filled-within=true]:pointer-events-auto group-data-[filled-within=true]:scale-85 text-medium group-data-[filled-within=true]:-translate-y-[calc(50%_+_theme(fontSize.small)/2_-_8px)] pe-2 max-w-full text-ellipsis overflow-hidden group-data-[filled-within=true]:text-secondary"
            data-slot="label"
            for="react-aria-:rf:"
            id="react-aria-:rg:"
          >
            Work History
          </label>
          <div
            class="inline-flex w-full items-center h-full box-border group-data-[has-label=true]:items-end pb-0.5"
            data-slot="inner-wrapper"
          >
            <input
              aria-label="Work History"
              aria-labelledby="react-aria-:rf: react-aria-:rg:"
              class="w-full font-normal bg-transparent !outline-none placeholder:text-foreground-500 focus-visible:outline-none data-[has-start-content=true]:ps-1.5 data-[has-end-content=true]:pe-1.5 file:cursor-pointer file:bg-transparent file:border-0 autofill:bg-transparent bg-clip-text text-medium group-data-[has-value=true]:text-primary group-data-[has-value=true]:dark:text-white"
              data-slot="input"
              id="react-aria-:rf:"
              name="work"
              placeholder="Update your work"
              type="text"
              value=""
            />
          </div>
        </div>
      </div>
      <div
        class="group flex flex-col data-[hidden=true]:hidden w-full px-2 py-3 dark:bg-indigo-light shadow-light-card dark:shadow-none hover:bg-white rounded-md"
        data-filled="true"
        data-filled-within="true"
        data-has-elements="true"
        data-has-label="true"
        data-slot="base"
      >
        <div
          class="relative w-full inline-flex tap-highlight-transparent px-3 min-h-12 rounded-large flex-col items-start justify-center transition-background motion-reduce:transition-none !duration-150 outline-none group-data-[focus-visible=true]:z-10 group-data-[focus-visible=true]:ring-2 group-data-[focus-visible=true]:ring-focus group-data-[focus-visible=true]:ring-offset-2 group-data-[focus-visible=true]:ring-offset-background h-16 py-2.5 gap-0 bg-white group-data-[focus=true]:bg-white data-[hover=true]:bg-white hover:bg-white dark:bg-indigo-light group-data-[focus=true]:dark:bg-indigo-light shadow-none"
          data-slot="input-wrapper"
          style="cursor: text;"
        >
          <label
            class="absolute z-10 pointer-events-none origin-top-left rtl:origin-top-right subpixel-antialiased block text-foreground-500 cursor-text will-change-auto !duration-200 !ease-out motion-reduce:transition-none transition-[transform,color,left,opacity] group-data-[filled-within=true]:pointer-events-auto group-data-[filled-within=true]:scale-85 text-medium group-data-[filled-within=true]:-translate-y-[calc(50%_+_theme(fontSize.small)/2_-_8px)] pe-2 max-w-full text-ellipsis overflow-hidden group-data-[filled-within=true]:text-secondary"
            data-slot="label"
            for="react-aria-:rk:"
            id="react-aria-:rl:"
          >
            Organization
          </label>
          <div
            class="inline-flex w-full items-center h-full box-border group-data-[has-label=true]:items-end pb-0.5"
            data-slot="inner-wrapper"
          >
            <input
              aria-label="Organization"
              aria-labelledby="react-aria-:rk: react-aria-:rl:"
              class="w-full font-normal bg-transparent !outline-none placeholder:text-foreground-500 focus-visible:outline-none data-[has-start-content=true]:ps-1.5 data-[has-end-content=true]:pe-1.5 file:cursor-pointer file:bg-transparent file:border-0 autofill:bg-transparent bg-clip-text text-medium group-data-[has-value=true]:text-primary group-data-[has-value=true]:dark:text-white"
              data-slot="input"
              id="react-aria-:rk:"
              name="organization"
              placeholder="Update your organization"
              type="text"
              value=""
            />
          </div>
        </div>
      </div>
      <div
        class="group flex flex-col group w-full [&_span]:text-secondary [&_div]:bg-white [&_div]::hover:bg-white [&_div]::focus:bg-white px-2 py-3 dark:bg-indigo-light shadow-light-card dark:shadow-none hover:bg-white rounded-md"
        data-has-end-content="true"
        data-slot="base"
      >
        <div
          aria-labelledby="react-aria-:rt:"
          class="relative px-3 inline-flex cursor-text tap-highlight-transparent shadow-sm bg-default-100 hover:bg-default-200 focus-within:hover:bg-default-100 group-data-[invalid=true]:bg-danger-50 group-data-[invalid=true]:hover:bg-danger-100 group-data-[invalid=true]:focus-within:hover:bg-danger-50 min-h-12 rounded-large flex-col items-start justify-center w-full transition-background motion-reduce:transition-none !duration-150 h-16 py-2.5 gap-0"
          data-slot="input-wrapper"
          id="react-aria-:rs:"
          role="group"
        >
          <span
            class="block subpixel-antialiased text-default-600 group-data-[required=true]:after:content-['*'] group-data-[required=true]:after:text-danger group-data-[required=true]:after:ml-0.5 group-data-[invalid=true]:text-danger w-full cursor-text !ease-out !duration-200 will-change-auto motion-reduce:transition-none transition-[color,opacity] text-small"
            data-slot="label"
            id="react-aria-:rt:"
          >
            Birthday
          </span>
          <div
            class="flex items-center text-default-400 w-full gap-x-2 h-6 group-data-[invalid=true]:text-danger"
            data-slot="inner-wrapper"
          >
            <div
              class="flex h-full gap-x-0.5 w-full font-normal text-medium"
              data-slot="input-field"
              id="react-aria-:rr:"
              role="presentation"
            >
              <div
                aria-label="month, "
                aria-labelledby="react-aria-:r16: react-aria-:r12: react-aria-:rt:"
                aria-valuemax="12"
                aria-valuemin="1"
                aria-valuenow="9"
                aria-valuetext="Empty"
                autocorrect="off"
                class="group first:-ml-0.5 [&:not(:first-child)]:-ml-1 px-0.5 my-auto box-content tabular-nums text-start inline-block outline-none focus:shadow-sm rounded-md text-foreground-500 data-[editable=true]:text-foreground data-[editable=true]:data-[placeholder=true]:text-foreground-500 data-[invalid=true]:text-danger-300 data-[invalid=true]:data-[editable=true]:text-danger data-[invalid=true]:focus:bg-danger-400/50 dark:data-[invalid=true]:focus:bg-danger-400/20 data-[invalid=true]:data-[editable=true]:focus:text-danger focus:bg-default-400/50 data-[editable=true]:focus:text-default-foreground transition-colors motion-reduce:transition-none"
                contenteditable="true"
                data-editable="true"
                data-placeholder="true"
                data-slot="segment"
                data-type="month"
                enterkeyhint="next"
                id="react-aria-:r16:"
                inputmode="numeric"
                role="spinbutton"
                spellcheck="false"
                style="caret-color: transparent;"
                tabindex="0"
              >
                mm
              </div>
              <div
                aria-hidden="true"
                class="group first:-ml-0.5 [&:not(:first-child)]:-ml-1 px-0.5 my-auto box-content tabular-nums text-start inline-block outline-none focus:shadow-sm rounded-md text-foreground-500 data-[editable=true]:text-foreground data-[editable=true]:data-[placeholder=true]:text-foreground-500 data-[invalid=true]:text-danger-300 data-[invalid=true]:data-[editable=true]:text-danger data-[invalid=true]:focus:bg-danger-400/50 dark:data-[invalid=true]:focus:bg-danger-400/20 data-[invalid=true]:data-[editable=true]:focus:text-danger focus:bg-default-400/50 data-[editable=true]:focus:text-default-foreground transition-colors motion-reduce:transition-none"
                data-slot="segment"
                data-type="literal"
              >
                /
              </div>
              <div
                aria-label="day, "
                aria-labelledby="react-aria-:r1a: react-aria-:r12: react-aria-:rt:"
                aria-valuemax="30"
                aria-valuemin="1"
                aria-valuenow="11"
                aria-valuetext="Empty"
                autocorrect="off"
                class="group first:-ml-0.5 [&:not(:first-child)]:-ml-1 px-0.5 my-auto box-content tabular-nums text-start inline-block outline-none focus:shadow-sm rounded-md text-foreground-500 data-[editable=true]:text-foreground data-[editable=true]:data-[placeholder=true]:text-foreground-500 data-[invalid=true]:text-danger-300 data-[invalid=true]:data-[editable=true]:text-danger data-[invalid=true]:focus:bg-danger-400/50 dark:data-[invalid=true]:focus:bg-danger-400/20 data-[invalid=true]:data-[editable=true]:focus:text-danger focus:bg-default-400/50 data-[editable=true]:focus:text-default-foreground transition-colors motion-reduce:transition-none"
                contenteditable="true"
                data-editable="true"
                data-placeholder="true"
                data-slot="segment"
                data-type="day"
                enterkeyhint="next"
                id="react-aria-:r1a:"
                inputmode="numeric"
                role="spinbutton"
                spellcheck="false"
                style="caret-color: transparent;"
                tabindex="0"
              >
                dd
              </div>
              <div
                aria-hidden="true"
                class="group first:-ml-0.5 [&:not(:first-child)]:-ml-1 px-0.5 my-auto box-content tabular-nums text-start inline-block outline-none focus:shadow-sm rounded-md text-foreground-500 data-[editable=true]:text-foreground data-[editable=true]:data-[placeholder=true]:text-foreground-500 data-[invalid=true]:text-danger-300 data-[invalid=true]:data-[editable=true]:text-danger data-[invalid=true]:focus:bg-danger-400/50 dark:data-[invalid=true]:focus:bg-danger-400/20 data-[invalid=true]:data-[editable=true]:focus:text-danger focus:bg-default-400/50 data-[editable=true]:focus:text-default-foreground transition-colors motion-reduce:transition-none"
                data-slot="segment"
                data-type="literal"
              >
                /
              </div>
              <div
                aria-label="year, "
                aria-labelledby="react-aria-:r1e: react-aria-:r12: react-aria-:rt:"
                aria-valuemax="9999"
                aria-valuemin="1"
                aria-valuenow="2024"
                aria-valuetext="Empty"
                autocorrect="off"
                class="group first:-ml-0.5 [&:not(:first-child)]:-ml-1 px-0.5 my-auto box-content tabular-nums text-start inline-block outline-none focus:shadow-sm rounded-md text-foreground-500 data-[editable=true]:text-foreground data-[editable=true]:data-[placeholder=true]:text-foreground-500 data-[invalid=true]:text-danger-300 data-[invalid=true]:data-[editable=true]:text-danger data-[invalid=true]:focus:bg-danger-400/50 dark:data-[invalid=true]:focus:bg-danger-400/20 data-[invalid=true]:data-[editable=true]:focus:text-danger focus:bg-default-400/50 data-[editable=true]:focus:text-default-foreground transition-colors motion-reduce:transition-none"
                contenteditable="true"
                data-editable="true"
                data-placeholder="true"
                data-slot="segment"
                data-type="year"
                enterkeyhint="next"
                id="react-aria-:r1e:"
                inputmode="numeric"
                role="spinbutton"
                spellcheck="false"
                style="caret-color: transparent;"
                tabindex="0"
              >
                yyyy
              </div>
              <input
                name="birthday"
                type="hidden"
                value=""
              />
            </div>
            <button
              aria-expanded="false"
              aria-haspopup="dialog"
              aria-label="Calendar"
              aria-labelledby="react-aria-:rp: react-aria-:rt:"
              class="z-0 group relative inline-flex items-center justify-center box-border appearance-none select-none whitespace-nowrap font-normal subpixel-antialiased overflow-hidden tap-highlight-transparent data-[pressed=true]:scale-[0.97] outline-none data-[focus-visible=true]:z-10 data-[focus-visible=true]:outline-2 data-[focus-visible=true]:outline-focus data-[focus-visible=true]:outline-offset-2 text-tiny gap-2 rounded-full px-0 !gap-0 transition-transform-colors-opacity motion-reduce:transition-none bg-transparent data-[hover=true]:bg-default/40 min-w-8 w-8 h-8 -mr-2 text-inherit"
              data-slot="selector-button"
              id="react-aria-:rp:"
              type="button"
            >
              <svg
                aria-hidden="true"
                class="text-lg text-inherit pointer-events-none flex-shrink-0"
                data-slot="selector-icon"
                fill="none"
                focusable="false"
                height="1em"
                role="presentation"
                viewBox="0 0 24 24"
                width="1em"
              >
                <path
                  d="M7.75 2.5a.75.75 0 0 0-1.5 0v1.58c-1.44.115-2.384.397-3.078 1.092c-.695.694-.977 1.639-1.093 3.078h19.842c-.116-1.44-.398-2.384-1.093-3.078c-.694-.695-1.639-.977-3.078-1.093V2.5a.75.75 0 0 0-1.5 0v1.513C15.585 4 14.839 4 14 4h-4c-.839 0-1.585 0-2.25.013z"
                  fill="currentColor"
                />
                <path
                  clip-rule="evenodd"
                  d="M2 12c0-.839 0-1.585.013-2.25h19.974C22 10.415 22 11.161 22 12v2c0 3.771 0 5.657-1.172 6.828C19.657 22 17.771 22 14 22h-4c-3.771 0-5.657 0-6.828-1.172C2 19.657 2 17.771 2 14zm15 2a1 1 0 1 0 0-2a1 1 0 0 0 0 2m0 4a1 1 0 1 0 0-2a1 1 0 0 0 0 2m-4-5a1 1 0 1 1-2 0a1 1 0 0 1 2 0m0 4a1 1 0 1 1-2 0a1 1 0 0 1 2 0m-6-3a1 1 0 1 0 0-2a1 1 0 0 0 0 2m0 4a1 1 0 1 0 0-2a1 1 0 0 0 0 2"
                  fill="currentColor"
                  fill-rule="evenodd"
                />
              </svg>
            </button>
          </div>
        </div>
      </div>
    </div>
  </div>
</div>
`;
