// Jest Snapshot v1, https://goo.gl/fbAQLP

exports[`NTFHistory should match snapshot 1`] = `
<div>
  <div
    class="flex flex-col bg-white dark:bg-indigo rounded-md w-full 4xl:max-w-nftCard overflow-auto shadow-md pb-[46px] pt-[19px]"
  >
    <div
      class="flex items-center justify-between p-3 xs:p-[18px]"
    >
      <p
        class="text-primary dark:text-white text-medium leading-8 font-poppins font-bold text-blue-450"
      >
        History
      </p>
      <button
        class="z-0 group relative inline-flex items-center justify-center box-border appearance-none select-none whitespace-nowrap subpixel-antialiased overflow-hidden tap-highlight-transparent data-[pressed=true]:scale-[0.97] outline-none data-[focus-visible=true]:z-10 data-[focus-visible=true]:outline-2 data-[focus-visible=true]:outline-focus data-[focus-visible=true]:outline-offset-2 px-4 min-w-20 h-10 text-small gap-2 [&>svg]:max-w-[theme(spacing.8)] transition-transform-colors-opacity motion-reduce:transition-none data-[hover=true]:opacity-hover text-blue-450 dark:text-white font-medium bg-gray dark:bg-purple-750 rounded-[70px]"
        type="button"
      >
        See all
      </button>
    </div>
    <div
      class="flex justify-center flex-col px-3 xs:px-[18px]"
    >
      <div
        class="flex gap-8 justify-between p-4 xs:p-5 rounded-md hover:shadow-md hover:dark:bg-indigo-light"
      >
        <div
          class="flex items-center gap-4"
        >
          <img
            alt="Mesh Gradients"
            class="rounded-xl w-10 h-10 xs:w-[66px] xs:h-[66px] object-cover"
            data-nimg="1"
            decoding="async"
            height="66"
            loading="lazy"
            sizes=""
            src="/_next/image?url=https%3A%2F%2Fres.cloudinary.com%2Fdn5vw6fjp%2Fimage%2Fupload%2Fv1726630608%2Fimage_de1e29b0b7.png&w=256&q=75"
            srcset="/_next/image?url=https%3A%2F%2Fres.cloudinary.com%2Fdn5vw6fjp%2Fimage%2Fupload%2Fv1726630608%2Fimage_de1e29b0b7.png&w=96&q=75 1x, /_next/image?url=https%3A%2F%2Fres.cloudinary.com%2Fdn5vw6fjp%2Fimage%2Fupload%2Fv1726630608%2Fimage_de1e29b0b7.png&w=256&q=75 2x"
            style="color: transparent; background-size: cover; background-position: 50% 50%; background-repeat: no-repeat;"
            width="66"
          />
          <div
            class="flex flex-col"
          >
            <p
              class="text-primary dark:text-white text-medium leading-tiny font-bold truncate xl:max-w-32"
            >
              Mesh Gradients
            </p>
            <p
              class="text-primary dark:text-white leading-small text-small text-secondary"
            >
              By 
              Adela Parkson
            </p>
          </div>
        </div>
        <div
          class="flex items-center"
        >
          <p
            class="text-primary dark:text-white text-medium font-bold"
          >
            1.23
             $
          </p>
        </div>
        <div
          class="hidden xs:flex items-center"
        >
          <p
            class="text-primary dark:text-white text-medium text-secondary"
          >
            17 Aug
          </p>
        </div>
      </div>
    </div>
  </div>
</div>
`;
