// Jest Snapshot v1, https://goo.gl/fbAQLP

exports[`Toast should match snapshot 1`] = `
<div>
  <div
    class="fixed top-5 left-1/2 z-[1000] flex justify-between min-w-[300px] p-1
      rounded text-white text-lg transition-opacity duration-500 ease-in animate-slideDown bg-success"
  >
    <div
      class="flex flex-col justify-between gap-2 p-3"
    >
      <p
        class="text-primary dark:text-white text-medium leading-xl font-bold leading-none text-white"
      >
        Success
      </p>
      <p
        class="text-primary dark:text-white leading-xl font-normal text-sm text-amber-450 leading-none opacity-9"
      >
        Success message
      </p>
    </div>
    <i
      class="flex justify-center items-center hover:cursor-pointer w-7 h-7 hover:bg-white hover:bg-opacity-20 hover:rounded-full"
    >
      <svg
        class="w-full h-full"
        fill="none"
        height="32"
        viewBox="0 0 32 32"
        width="32"
        xmlns="http://www.w3.org/2000/svg"
      >
        <path
          clip-rule="evenodd"
          d="M16 15.2931L20.6465 10.6466L21.3536 11.3537L16.7071 16.0002L21.3536 20.6466L20.6465 21.3537L16 16.7073L11.3536 21.3537L10.6465 20.6466L15.2929 16.0002L10.6465 11.3538L11.3536 10.6467L16 15.2931Z"
          fill="currentColor"
          fill-rule="evenodd"
        />
      </svg>
    </i>
  </div>
</div>
`;
