// Jest Snapshot v1, https://goo.gl/fbAQLP

exports[`MenuBar Component Should match snapshot 1`] = `
<div>
  <nav
    class="flex z-40 w-full h-auto items-center justify-center data-[menu-open=true]:border-none sticky top-0 inset-x-0 backdrop-blur-lg data-[menu-open=true]:backdrop-blur-xl backdrop-saturate-150 bg-transparent shadow-none"
    style="--navbar-height: 4rem;"
  >
    <header
      class="z-40 flex gap-4 w-full flex-row relative flex-nowrap items-center justify-between max-w-[1024px] px-0 bg-transparent h-[1/2]"
    >
      <ul
        class="gap-4 h-full flex-row flex-nowrap items-center data-[justify=start]:justify-start data-[justify=start]:flex-grow data-[justify=start]:basis-0 data-[justify=center]:justify-center data-[justify=end]:justify-end data-[justify=end]:flex-grow data-[justify=end]:basis-0 xl:hidden px-0 flex justify-start dark:bg-indigo-dark"
        data-justify="start"
      >
        <button
          aria-label="Open menu"
          aria-pressed="false"
          class="group flex items-center justify-center w-6 rounded-small tap-highlight-transparent outline-none data-[focus-visible=true]:z-10 data-[focus-visible=true]:outline-2 data-[focus-visible=true]:outline-focus data-[focus-visible=true]:outline-offset-2 cursor-pointer xl:hidden p-0 h-[40px] dark:bg-indigo-dark"
          type="button"
        >
          <span
            class="sr-only"
          >
            open navigation menu
          </span>
          <span
            class="w-full h-full pointer-events-none flex flex-col items-center justify-center text-inherit group-data-[pressed=true]:opacity-70 transition-opacity before:content-[''] before:block before:h-px before:w-6 before:bg-current before:transition-transform before:duration-150 before:-translate-y-1 before:rotate-0 group-data-[open=true]:before:translate-y-px group-data-[open=true]:before:rotate-45 after:content-[''] after:block after:h-px after:w-6 after:bg-current after:transition-transform after:duration-150 after:translate-y-1 after:rotate-0 group-data-[open=true]:after:translate-y-0 group-data-[open=true]:after:-rotate-45"
          />
        </button>
      </ul>
    </header>
  </nav>
</div>
`;
