// Jest Snapshot v1, https://goo.gl/fbAQLP

exports[`Contributor Table Tests Should match snapshot 1`] = `
<div>
  <div
    class="flex flex-col relative gap-4 w-full"
  >
    <div
      class="p-4 z-0 flex flex-col relative justify-between gap-4 shadow-small w-full bg-white dark:bg-indigo rounded-md overflow-hidden px-0 py-4"
    >
      <table
        aria-describedby=""
        aria-label="contributors table"
        class="min-w-full h-auto table-auto w-full"
        id="react-aria-:r0:"
        role="grid"
        tabindex="0"
      >
        <thead
          class="[&>tr]:first:rounded-lg"
          role="rowgroup"
        >
          <tr
            class="group outline-none data-[focus-visible=true]:z-10 data-[focus-visible=true]:outline-2 data-[focus-visible=true]:outline-focus data-[focus-visible=true]:outline-offset-2"
            role="row"
          >
            <th
              aria-describedby="react-aria-description-0"
              aria-sort="none"
              class="group px-3 h-10 align-middle whitespace-nowrap text-foreground-500 text-tiny font-semibold first:rounded-l-lg rtl:first:rounded-r-lg rtl:first:rounded-l-[unset] last:rounded-r-lg rtl:last:rounded-l-lg rtl:last:rounded-r-[unset] data-[sortable=true]:cursor-pointer data-[hover=true]:text-foreground-400 outline-none data-[focus-visible=true]:z-10 data-[focus-visible=true]:outline-2 data-[focus-visible=true]:outline-focus data-[focus-visible=true]:outline-offset-2 text-start bg-transparent pb-2 pl-4"
              data-key="fullName"
              data-sortable="true"
              data-testid="table-header-fullName"
              id="react-aria-:r0:-fullName"
              role="columnheader"
              tabindex="-1"
            >
              <span
                class="text-secondary dark:text-secondary text-small font-medium"
              >
                Name
              </span>
              <svg
                aria-hidden="true"
                class="ml-2 mb-px opacity-0 text-inherit inline-block transition-transform-opacity data-[visible=true]:opacity-100 group-data-[hover=true]:opacity-100 data-[direction=ascending]:rotate-180"
                fill="none"
                focusable="false"
                height="1em"
                role="presentation"
                stroke="currentColor"
                stroke-linecap="round"
                stroke-linejoin="round"
                stroke-width="3"
                viewBox="0 0 24 24"
                width="1em"
              >
                <path
                  d="m6 9 6 6 6-6"
                />
              </svg>
            </th>
            <th
              aria-describedby="react-aria-description-0"
              aria-sort="none"
              class="group px-3 h-10 align-middle whitespace-nowrap text-foreground-500 text-tiny font-semibold first:rounded-l-lg rtl:first:rounded-r-lg rtl:first:rounded-l-[unset] last:rounded-r-lg rtl:last:rounded-l-lg rtl:last:rounded-r-[unset] data-[sortable=true]:cursor-pointer data-[hover=true]:text-foreground-400 outline-none data-[focus-visible=true]:z-10 data-[focus-visible=true]:outline-2 data-[focus-visible=true]:outline-focus data-[focus-visible=true]:outline-offset-2 text-start bg-transparent pb-2 pl-4"
              data-key="template"
              data-sortable="true"
              data-testid="table-header-template"
              id="react-aria-:r0:-template"
              role="columnheader"
              tabindex="-1"
            >
              <span
                class="text-secondary dark:text-secondary text-small font-medium"
              >
                Template
              </span>
              <svg
                aria-hidden="true"
                class="ml-2 mb-px opacity-0 text-inherit inline-block transition-transform-opacity data-[visible=true]:opacity-100 group-data-[hover=true]:opacity-100 data-[direction=ascending]:rotate-180"
                fill="none"
                focusable="false"
                height="1em"
                role="presentation"
                stroke="currentColor"
                stroke-linecap="round"
                stroke-linejoin="round"
                stroke-width="3"
                viewBox="0 0 24 24"
                width="1em"
              >
                <path
                  d="m6 9 6 6 6-6"
                />
              </svg>
            </th>
            <th
              aria-describedby="react-aria-description-0"
              aria-sort="none"
              class="group px-3 h-10 align-middle whitespace-nowrap text-foreground-500 text-tiny font-semibold first:rounded-l-lg rtl:first:rounded-r-lg rtl:first:rounded-l-[unset] last:rounded-r-lg rtl:last:rounded-l-lg rtl:last:rounded-r-[unset] data-[sortable=true]:cursor-pointer data-[hover=true]:text-foreground-400 outline-none data-[focus-visible=true]:z-10 data-[focus-visible=true]:outline-2 data-[focus-visible=true]:outline-focus data-[focus-visible=true]:outline-offset-2 text-start bg-transparent pb-2 pl-4 hidden sm:table-cell"
              data-key="createdAt"
              data-sortable="true"
              data-testid="table-header-createdAt"
              id="react-aria-:r0:-createdAt"
              role="columnheader"
              tabindex="-1"
            >
              <span
                class="text-secondary dark:text-secondary text-small font-medium"
              >
                Date
              </span>
              <svg
                aria-hidden="true"
                class="ml-2 mb-px opacity-0 text-inherit inline-block transition-transform-opacity data-[visible=true]:opacity-100 group-data-[hover=true]:opacity-100 data-[direction=ascending]:rotate-180"
                fill="none"
                focusable="false"
                height="1em"
                role="presentation"
                stroke="currentColor"
                stroke-linecap="round"
                stroke-linejoin="round"
                stroke-width="3"
                viewBox="0 0 24 24"
                width="1em"
              >
                <path
                  d="m6 9 6 6 6-6"
                />
              </svg>
            </th>
            <th
              aria-describedby="react-aria-description-0"
              aria-sort="none"
              class="group px-3 h-10 align-middle whitespace-nowrap text-foreground-500 text-tiny font-semibold first:rounded-l-lg rtl:first:rounded-r-lg rtl:first:rounded-l-[unset] last:rounded-r-lg rtl:last:rounded-l-lg rtl:last:rounded-r-[unset] data-[sortable=true]:cursor-pointer data-[hover=true]:text-foreground-400 outline-none data-[focus-visible=true]:z-10 data-[focus-visible=true]:outline-2 data-[focus-visible=true]:outline-focus data-[focus-visible=true]:outline-offset-2 text-start bg-transparent pb-2 pl-4"
              data-key="rating"
              data-sortable="true"
              data-testid="table-header-rating"
              id="react-aria-:r0:-rating"
              role="columnheader"
              tabindex="-1"
            >
              <span
                class="text-secondary dark:text-secondary text-small font-medium"
              >
                Rating
              </span>
              <svg
                aria-hidden="true"
                class="ml-2 mb-px opacity-0 text-inherit inline-block transition-transform-opacity data-[visible=true]:opacity-100 group-data-[hover=true]:opacity-100 data-[direction=ascending]:rotate-180"
                fill="none"
                focusable="false"
                height="1em"
                role="presentation"
                stroke="currentColor"
                stroke-linecap="round"
                stroke-linejoin="round"
                stroke-width="3"
                viewBox="0 0 24 24"
                width="1em"
              >
                <path
                  d="m6 9 6 6 6-6"
                />
              </svg>
            </th>
          </tr>
          <tr
            aria-hidden="true"
            class="w-px h-px block"
            style="margin-left: 0.25rem; margin-top: 0.25rem;"
            tabindex="-1"
          />
        </thead>
        <tbody
          role="rowgroup"
        >
          <tr
            aria-labelledby="react-aria-:r0:-1-1-fullName"
            class="group outline-none data-[focus-visible=true]:z-10 data-[focus-visible=true]:outline-2 data-[focus-visible=true]:outline-focus data-[focus-visible=true]:outline-offset-2 hover:bg-default-200"
            data-first="true"
            data-key="1-1"
            role="row"
            tabindex="-1"
          >
            <td
              class="py-2 px-3 relative align-middle whitespace-normal text-small font-normal [&>*]:z-1 [&>*]:relative outline-none data-[focus-visible=true]:z-10 data-[focus-visible=true]:outline-2 data-[focus-visible=true]:outline-focus data-[focus-visible=true]:outline-offset-2 before:content-[''] before:absolute before:z-0 before:inset-0 before:opacity-0 data-[selected=true]:before:opacity-100 group-data-[disabled=true]:text-foreground-300 group-data-[disabled=true]:cursor-not-allowed before:bg-default/60 data-[selected=true]:text-default-foreground first:before:rounded-l-lg rtl:first:before:rounded-r-lg rtl:first:before:rounded-l-[unset] last:before:rounded-r-lg rtl:last:before:rounded-l-lg rtl:last:before:rounded-r-[unset] text-start pt-[15px] w-1/4 pl-4"
              data-key="1-11-1fullName"
              id="react-aria-:r0:-1-1-fullName"
              role="rowheader"
              tabindex="-1"
            >
              <div
                class="flex items-center gap-2"
              >
                <span
                  class="relative justify-center items-center box-border overflow-hidden align-middle z-0 outline-none data-[focus-visible=true]:z-10 data-[focus-visible=true]:outline-2 data-[focus-visible=true]:outline-focus data-[focus-visible=true]:outline-offset-2 w-8 h-8 text-tiny bg-default text-default-foreground rounded-full hidden xs:block"
                  tabindex="-1"
                >
                  <img
                    alt="User 1"
                    class="flex object-cover w-full h-full transition-opacity !duration-500 opacity-0 data-[loaded=true]:opacity-100"
                    src="https://res.cloudinary.com/dn5vw6fjp/image/upload/v1726630608/image_de1e29b0b7.png"
                  />
                </span>
                <div
                  class="flex flex-col"
                >
                  <b
                    class="text-primary dark:text-white font-bold text-sm min-w-[100px] xs:min-w-full"
                    data-testid="table-cell-fullName"
                  >
                    User 1
                  </b>
                  <span
                    class="text-secondary dark:text-secondary lowercase text-sm hidden xs:inline-block"
                  >
                    @Adela Parkson
                  </span>
                </div>
              </div>
            </td>
            <td
              class="py-2 px-3 relative align-middle whitespace-normal text-small font-normal [&>*]:z-1 [&>*]:relative outline-none data-[focus-visible=true]:z-10 data-[focus-visible=true]:outline-2 data-[focus-visible=true]:outline-focus data-[focus-visible=true]:outline-offset-2 before:content-[''] before:absolute before:z-0 before:inset-0 before:opacity-0 data-[selected=true]:before:opacity-100 group-data-[disabled=true]:text-foreground-300 group-data-[disabled=true]:cursor-not-allowed before:bg-default/60 data-[selected=true]:text-default-foreground first:before:rounded-l-lg rtl:first:before:rounded-r-lg rtl:first:before:rounded-l-[unset] last:before:rounded-r-lg rtl:last:before:rounded-l-lg rtl:last:before:rounded-r-[unset] text-start pt-[15px] w-1/4 pl-4"
              data-key="1-11-1template"
              role="gridcell"
              tabindex="-1"
            >
              <p
                class="text-primary dark:text-white text-small font-bold"
              >
                Mesh Gradients
              </p>
            </td>
            <td
              class="py-2 px-3 relative align-middle whitespace-normal text-small font-normal [&>*]:z-1 [&>*]:relative outline-none data-[focus-visible=true]:z-10 data-[focus-visible=true]:outline-2 data-[focus-visible=true]:outline-focus data-[focus-visible=true]:outline-offset-2 before:content-[''] before:absolute before:z-0 before:inset-0 before:opacity-0 data-[selected=true]:before:opacity-100 group-data-[disabled=true]:text-foreground-300 group-data-[disabled=true]:cursor-not-allowed before:bg-default/60 data-[selected=true]:text-default-foreground first:before:rounded-l-lg rtl:first:before:rounded-r-lg rtl:first:before:rounded-l-[unset] last:before:rounded-r-lg rtl:last:before:rounded-l-lg rtl:last:before:rounded-r-[unset] text-start pt-[15px] w-1/4 pl-4 hidden sm:table-cell"
              data-key="1-11-1createdAt"
              role="gridcell"
              tabindex="-1"
            >
              <p
                class="text-primary dark:text-white text-small font-bold"
                data-testid="table-cell-createdAt"
              >
                Aug 17, 2024
              </p>
            </td>
            <td
              class="py-2 px-3 relative align-middle whitespace-normal text-small font-normal [&>*]:z-1 [&>*]:relative outline-none data-[focus-visible=true]:z-10 data-[focus-visible=true]:outline-2 data-[focus-visible=true]:outline-focus data-[focus-visible=true]:outline-offset-2 before:content-[''] before:absolute before:z-0 before:inset-0 before:opacity-0 data-[selected=true]:before:opacity-100 group-data-[disabled=true]:text-foreground-300 group-data-[disabled=true]:cursor-not-allowed before:bg-default/60 data-[selected=true]:text-default-foreground first:before:rounded-l-lg rtl:first:before:rounded-r-lg rtl:first:before:rounded-l-[unset] last:before:rounded-r-lg rtl:last:before:rounded-l-lg rtl:last:before:rounded-r-[unset] text-start pt-[15px] w-1/4 pl-4"
              data-key="1-11-1rating"
              role="gridcell"
              tabindex="-1"
            >
              <div
                aria-label="Rating"
                aria-valuemax="100"
                aria-valuemin="0"
                aria-valuenow="29"
                aria-valuetext="29%"
                class="flex flex-col gap-2 w-full max-w-[200px]"
                id="react-aria-:r2:"
                role="progressbar"
              >
                <div
                  class="flex justify-between"
                >
                  <span
                    class="text-medium"
                  >
                    29%
                  </span>
                </div>
                <div
                  class="z-0 relative overflow-hidden h-3 rounded-full hidden sm:block bg-grey dark:bg-army-green [&>div]:dark:bg-purple-750"
                >
                  <div
                    class="h-full bg-primary rounded-full transition-transform !duration-500"
                    style="transform: translateX(-100%);"
                  />
                </div>
              </div>
            </td>
          </tr>
          <tr
            aria-labelledby="react-aria-:r0:-2-1-fullName"
            class="group outline-none data-[focus-visible=true]:z-10 data-[focus-visible=true]:outline-2 data-[focus-visible=true]:outline-focus data-[focus-visible=true]:outline-offset-2 hover:bg-default-200"
            data-key="2-1"
            data-middle="true"
            data-odd="true"
            role="row"
            tabindex="-1"
          >
            <td
              class="py-2 px-3 relative align-middle whitespace-normal text-small font-normal [&>*]:z-1 [&>*]:relative outline-none data-[focus-visible=true]:z-10 data-[focus-visible=true]:outline-2 data-[focus-visible=true]:outline-focus data-[focus-visible=true]:outline-offset-2 before:content-[''] before:absolute before:z-0 before:inset-0 before:opacity-0 data-[selected=true]:before:opacity-100 group-data-[disabled=true]:text-foreground-300 group-data-[disabled=true]:cursor-not-allowed before:bg-default/60 data-[selected=true]:text-default-foreground first:before:rounded-l-lg rtl:first:before:rounded-r-lg rtl:first:before:rounded-l-[unset] last:before:rounded-r-lg rtl:last:before:rounded-l-lg rtl:last:before:rounded-r-[unset] text-start pt-[15px] w-1/4 pl-4"
              data-key="2-12-1fullName"
              id="react-aria-:r0:-2-1-fullName"
              role="rowheader"
              tabindex="-1"
            >
              <div
                class="flex items-center gap-2"
              >
                <span
                  class="relative justify-center items-center box-border overflow-hidden align-middle z-0 outline-none data-[focus-visible=true]:z-10 data-[focus-visible=true]:outline-2 data-[focus-visible=true]:outline-focus data-[focus-visible=true]:outline-offset-2 w-8 h-8 text-tiny bg-default text-default-foreground rounded-full hidden xs:block"
                  tabindex="-1"
                >
                  <img
                    alt="User 2"
                    class="flex object-cover w-full h-full transition-opacity !duration-500 opacity-0 data-[loaded=true]:opacity-100"
                    src="https://res.cloudinary.com/dn5vw6fjp/image/upload/v1726630608/image_de1e29b0b7.png"
                  />
                </span>
                <div
                  class="flex flex-col"
                >
                  <b
                    class="text-primary dark:text-white font-bold text-sm min-w-[100px] xs:min-w-full"
                    data-testid="table-cell-fullName"
                  >
                    User 2
                  </b>
                  <span
                    class="text-secondary dark:text-secondary lowercase text-sm hidden xs:inline-block"
                  >
                    @user2
                  </span>
                </div>
              </div>
            </td>
            <td
              class="py-2 px-3 relative align-middle whitespace-normal text-small font-normal [&>*]:z-1 [&>*]:relative outline-none data-[focus-visible=true]:z-10 data-[focus-visible=true]:outline-2 data-[focus-visible=true]:outline-focus data-[focus-visible=true]:outline-offset-2 before:content-[''] before:absolute before:z-0 before:inset-0 before:opacity-0 data-[selected=true]:before:opacity-100 group-data-[disabled=true]:text-foreground-300 group-data-[disabled=true]:cursor-not-allowed before:bg-default/60 data-[selected=true]:text-default-foreground first:before:rounded-l-lg rtl:first:before:rounded-r-lg rtl:first:before:rounded-l-[unset] last:before:rounded-r-lg rtl:last:before:rounded-l-lg rtl:last:before:rounded-r-[unset] text-start pt-[15px] w-1/4 pl-4"
              data-key="2-12-1template"
              role="gridcell"
              tabindex="-1"
            >
              <p
                class="text-primary dark:text-white text-small font-bold"
              >
                Mesh Gradients
              </p>
            </td>
            <td
              class="py-2 px-3 relative align-middle whitespace-normal text-small font-normal [&>*]:z-1 [&>*]:relative outline-none data-[focus-visible=true]:z-10 data-[focus-visible=true]:outline-2 data-[focus-visible=true]:outline-focus data-[focus-visible=true]:outline-offset-2 before:content-[''] before:absolute before:z-0 before:inset-0 before:opacity-0 data-[selected=true]:before:opacity-100 group-data-[disabled=true]:text-foreground-300 group-data-[disabled=true]:cursor-not-allowed before:bg-default/60 data-[selected=true]:text-default-foreground first:before:rounded-l-lg rtl:first:before:rounded-r-lg rtl:first:before:rounded-l-[unset] last:before:rounded-r-lg rtl:last:before:rounded-l-lg rtl:last:before:rounded-r-[unset] text-start pt-[15px] w-1/4 pl-4 hidden sm:table-cell"
              data-key="2-12-1createdAt"
              role="gridcell"
              tabindex="-1"
            >
              <p
                class="text-primary dark:text-white text-small font-bold"
                data-testid="table-cell-createdAt"
              >
                Aug 13, 2024
              </p>
            </td>
            <td
              class="py-2 px-3 relative align-middle whitespace-normal text-small font-normal [&>*]:z-1 [&>*]:relative outline-none data-[focus-visible=true]:z-10 data-[focus-visible=true]:outline-2 data-[focus-visible=true]:outline-focus data-[focus-visible=true]:outline-offset-2 before:content-[''] before:absolute before:z-0 before:inset-0 before:opacity-0 data-[selected=true]:before:opacity-100 group-data-[disabled=true]:text-foreground-300 group-data-[disabled=true]:cursor-not-allowed before:bg-default/60 data-[selected=true]:text-default-foreground first:before:rounded-l-lg rtl:first:before:rounded-r-lg rtl:first:before:rounded-l-[unset] last:before:rounded-r-lg rtl:last:before:rounded-l-lg rtl:last:before:rounded-r-[unset] text-start pt-[15px] w-1/4 pl-4"
              data-key="2-12-1rating"
              role="gridcell"
              tabindex="-1"
            >
              <div
                aria-label="Rating"
                aria-valuemax="100"
                aria-valuemin="0"
                aria-valuenow="72"
                aria-valuetext="72%"
                class="flex flex-col gap-2 w-full max-w-[200px]"
                id="react-aria-:r5:"
                role="progressbar"
              >
                <div
                  class="flex justify-between"
                >
                  <span
                    class="text-medium"
                  >
                    72%
                  </span>
                </div>
                <div
                  class="z-0 relative overflow-hidden h-3 rounded-full hidden sm:block bg-grey dark:bg-army-green [&>div]:dark:bg-purple-750"
                >
                  <div
                    class="h-full bg-primary rounded-full transition-transform !duration-500"
                    style="transform: translateX(-100%);"
                  />
                </div>
              </div>
            </td>
          </tr>
          <tr
            aria-labelledby="react-aria-:r0:-3-1-fullName"
            class="group outline-none data-[focus-visible=true]:z-10 data-[focus-visible=true]:outline-2 data-[focus-visible=true]:outline-focus data-[focus-visible=true]:outline-offset-2 hover:bg-default-200"
            data-key="3-1"
            data-middle="true"
            role="row"
            tabindex="-1"
          >
            <td
              class="py-2 px-3 relative align-middle whitespace-normal text-small font-normal [&>*]:z-1 [&>*]:relative outline-none data-[focus-visible=true]:z-10 data-[focus-visible=true]:outline-2 data-[focus-visible=true]:outline-focus data-[focus-visible=true]:outline-offset-2 before:content-[''] before:absolute before:z-0 before:inset-0 before:opacity-0 data-[selected=true]:before:opacity-100 group-data-[disabled=true]:text-foreground-300 group-data-[disabled=true]:cursor-not-allowed before:bg-default/60 data-[selected=true]:text-default-foreground first:before:rounded-l-lg rtl:first:before:rounded-r-lg rtl:first:before:rounded-l-[unset] last:before:rounded-r-lg rtl:last:before:rounded-l-lg rtl:last:before:rounded-r-[unset] text-start pt-[15px] w-1/4 pl-4"
              data-key="3-13-1fullName"
              id="react-aria-:r0:-3-1-fullName"
              role="rowheader"
              tabindex="-1"
            >
              <div
                class="flex items-center gap-2"
              >
                <span
                  class="relative justify-center items-center box-border overflow-hidden align-middle z-0 outline-none data-[focus-visible=true]:z-10 data-[focus-visible=true]:outline-2 data-[focus-visible=true]:outline-focus data-[focus-visible=true]:outline-offset-2 w-8 h-8 text-tiny bg-default text-default-foreground rounded-full hidden xs:block"
                  tabindex="-1"
                >
                  <img
                    alt="User 3"
                    class="flex object-cover w-full h-full transition-opacity !duration-500 opacity-0 data-[loaded=true]:opacity-100"
                    src="https://res.cloudinary.com/dn5vw6fjp/image/upload/v1726630608/image_de1e29b0b7.png"
                  />
                </span>
                <div
                  class="flex flex-col"
                >
                  <b
                    class="text-primary dark:text-white font-bold text-sm min-w-[100px] xs:min-w-full"
                    data-testid="table-cell-fullName"
                  >
                    User 3
                  </b>
                  <span
                    class="text-secondary dark:text-secondary lowercase text-sm hidden xs:inline-block"
                  >
                    @user3
                  </span>
                </div>
              </div>
            </td>
            <td
              class="py-2 px-3 relative align-middle whitespace-normal text-small font-normal [&>*]:z-1 [&>*]:relative outline-none data-[focus-visible=true]:z-10 data-[focus-visible=true]:outline-2 data-[focus-visible=true]:outline-focus data-[focus-visible=true]:outline-offset-2 before:content-[''] before:absolute before:z-0 before:inset-0 before:opacity-0 data-[selected=true]:before:opacity-100 group-data-[disabled=true]:text-foreground-300 group-data-[disabled=true]:cursor-not-allowed before:bg-default/60 data-[selected=true]:text-default-foreground first:before:rounded-l-lg rtl:first:before:rounded-r-lg rtl:first:before:rounded-l-[unset] last:before:rounded-r-lg rtl:last:before:rounded-l-lg rtl:last:before:rounded-r-[unset] text-start pt-[15px] w-1/4 pl-4"
              data-key="3-13-1template"
              role="gridcell"
              tabindex="-1"
            >
              <p
                class="text-primary dark:text-white text-small font-bold"
              >
                Mesh Gradients
              </p>
            </td>
            <td
              class="py-2 px-3 relative align-middle whitespace-normal text-small font-normal [&>*]:z-1 [&>*]:relative outline-none data-[focus-visible=true]:z-10 data-[focus-visible=true]:outline-2 data-[focus-visible=true]:outline-focus data-[focus-visible=true]:outline-offset-2 before:content-[''] before:absolute before:z-0 before:inset-0 before:opacity-0 data-[selected=true]:before:opacity-100 group-data-[disabled=true]:text-foreground-300 group-data-[disabled=true]:cursor-not-allowed before:bg-default/60 data-[selected=true]:text-default-foreground first:before:rounded-l-lg rtl:first:before:rounded-r-lg rtl:first:before:rounded-l-[unset] last:before:rounded-r-lg rtl:last:before:rounded-l-lg rtl:last:before:rounded-r-[unset] text-start pt-[15px] w-1/4 pl-4 hidden sm:table-cell"
              data-key="3-13-1createdAt"
              role="gridcell"
              tabindex="-1"
            >
              <p
                class="text-primary dark:text-white text-small font-bold"
                data-testid="table-cell-createdAt"
              >
                Jan 13, 2024
              </p>
            </td>
            <td
              class="py-2 px-3 relative align-middle whitespace-normal text-small font-normal [&>*]:z-1 [&>*]:relative outline-none data-[focus-visible=true]:z-10 data-[focus-visible=true]:outline-2 data-[focus-visible=true]:outline-focus data-[focus-visible=true]:outline-offset-2 before:content-[''] before:absolute before:z-0 before:inset-0 before:opacity-0 data-[selected=true]:before:opacity-100 group-data-[disabled=true]:text-foreground-300 group-data-[disabled=true]:cursor-not-allowed before:bg-default/60 data-[selected=true]:text-default-foreground first:before:rounded-l-lg rtl:first:before:rounded-r-lg rtl:first:before:rounded-l-[unset] last:before:rounded-r-lg rtl:last:before:rounded-l-lg rtl:last:before:rounded-r-[unset] text-start pt-[15px] w-1/4 pl-4"
              data-key="3-13-1rating"
              role="gridcell"
              tabindex="-1"
            >
              <div
                aria-label="Rating"
                aria-valuemax="100"
                aria-valuemin="0"
                aria-valuenow="89"
                aria-valuetext="89%"
                class="flex flex-col gap-2 w-full max-w-[200px]"
                id="react-aria-:r8:"
                role="progressbar"
              >
                <div
                  class="flex justify-between"
                >
                  <span
                    class="text-medium"
                  >
                    89%
                  </span>
                </div>
                <div
                  class="z-0 relative overflow-hidden h-3 rounded-full hidden sm:block bg-grey dark:bg-army-green [&>div]:dark:bg-purple-750"
                >
                  <div
                    class="h-full bg-primary rounded-full transition-transform !duration-500"
                    style="transform: translateX(-100%);"
                  />
                </div>
              </div>
            </td>
          </tr>
          <tr
            aria-labelledby="react-aria-:r0:-4-1-fullName"
            class="group outline-none data-[focus-visible=true]:z-10 data-[focus-visible=true]:outline-2 data-[focus-visible=true]:outline-focus data-[focus-visible=true]:outline-offset-2 hover:bg-default-200"
            data-key="4-1"
            data-last="true"
            data-odd="true"
            role="row"
            tabindex="-1"
          >
            <td
              class="py-2 px-3 relative align-middle whitespace-normal text-small font-normal [&>*]:z-1 [&>*]:relative outline-none data-[focus-visible=true]:z-10 data-[focus-visible=true]:outline-2 data-[focus-visible=true]:outline-focus data-[focus-visible=true]:outline-offset-2 before:content-[''] before:absolute before:z-0 before:inset-0 before:opacity-0 data-[selected=true]:before:opacity-100 group-data-[disabled=true]:text-foreground-300 group-data-[disabled=true]:cursor-not-allowed before:bg-default/60 data-[selected=true]:text-default-foreground first:before:rounded-l-lg rtl:first:before:rounded-r-lg rtl:first:before:rounded-l-[unset] last:before:rounded-r-lg rtl:last:before:rounded-l-lg rtl:last:before:rounded-r-[unset] text-start pt-[15px] w-1/4 pl-4"
              data-key="4-14-1fullName"
              id="react-aria-:r0:-4-1-fullName"
              role="rowheader"
              tabindex="-1"
            >
              <div
                class="flex items-center gap-2"
              >
                <span
                  class="relative justify-center items-center box-border overflow-hidden align-middle z-0 outline-none data-[focus-visible=true]:z-10 data-[focus-visible=true]:outline-2 data-[focus-visible=true]:outline-focus data-[focus-visible=true]:outline-offset-2 w-8 h-8 text-tiny bg-default text-default-foreground rounded-full hidden xs:block"
                  tabindex="-1"
                >
                  <img
                    alt="User 4"
                    class="flex object-cover w-full h-full transition-opacity !duration-500 opacity-0 data-[loaded=true]:opacity-100"
                    src="https://res.cloudinary.com/dn5vw6fjp/image/upload/v1726630608/image_de1e29b0b7.png"
                  />
                </span>
                <div
                  class="flex flex-col"
                >
                  <b
                    class="text-primary dark:text-white font-bold text-sm min-w-[100px] xs:min-w-full"
                    data-testid="table-cell-fullName"
                  >
                    User 4
                  </b>
                  <span
                    class="text-secondary dark:text-secondary lowercase text-sm hidden xs:inline-block"
                  >
                    @user4
                  </span>
                </div>
              </div>
            </td>
            <td
              class="py-2 px-3 relative align-middle whitespace-normal text-small font-normal [&>*]:z-1 [&>*]:relative outline-none data-[focus-visible=true]:z-10 data-[focus-visible=true]:outline-2 data-[focus-visible=true]:outline-focus data-[focus-visible=true]:outline-offset-2 before:content-[''] before:absolute before:z-0 before:inset-0 before:opacity-0 data-[selected=true]:before:opacity-100 group-data-[disabled=true]:text-foreground-300 group-data-[disabled=true]:cursor-not-allowed before:bg-default/60 data-[selected=true]:text-default-foreground first:before:rounded-l-lg rtl:first:before:rounded-r-lg rtl:first:before:rounded-l-[unset] last:before:rounded-r-lg rtl:last:before:rounded-l-lg rtl:last:before:rounded-r-[unset] text-start pt-[15px] w-1/4 pl-4"
              data-key="4-14-1template"
              role="gridcell"
              tabindex="-1"
            >
              <p
                class="text-primary dark:text-white text-small font-bold"
              >
                Mesh Gradients
              </p>
            </td>
            <td
              class="py-2 px-3 relative align-middle whitespace-normal text-small font-normal [&>*]:z-1 [&>*]:relative outline-none data-[focus-visible=true]:z-10 data-[focus-visible=true]:outline-2 data-[focus-visible=true]:outline-focus data-[focus-visible=true]:outline-offset-2 before:content-[''] before:absolute before:z-0 before:inset-0 before:opacity-0 data-[selected=true]:before:opacity-100 group-data-[disabled=true]:text-foreground-300 group-data-[disabled=true]:cursor-not-allowed before:bg-default/60 data-[selected=true]:text-default-foreground first:before:rounded-l-lg rtl:first:before:rounded-r-lg rtl:first:before:rounded-l-[unset] last:before:rounded-r-lg rtl:last:before:rounded-l-lg rtl:last:before:rounded-r-[unset] text-start pt-[15px] w-1/4 pl-4 hidden sm:table-cell"
              data-key="4-14-1createdAt"
              role="gridcell"
              tabindex="-1"
            >
              <p
                class="text-primary dark:text-white text-small font-bold"
                data-testid="table-cell-createdAt"
              >
                Aug 18, 2024
              </p>
            </td>
            <td
              class="py-2 px-3 relative align-middle whitespace-normal text-small font-normal [&>*]:z-1 [&>*]:relative outline-none data-[focus-visible=true]:z-10 data-[focus-visible=true]:outline-2 data-[focus-visible=true]:outline-focus data-[focus-visible=true]:outline-offset-2 before:content-[''] before:absolute before:z-0 before:inset-0 before:opacity-0 data-[selected=true]:before:opacity-100 group-data-[disabled=true]:text-foreground-300 group-data-[disabled=true]:cursor-not-allowed before:bg-default/60 data-[selected=true]:text-default-foreground first:before:rounded-l-lg rtl:first:before:rounded-r-lg rtl:first:before:rounded-l-[unset] last:before:rounded-r-lg rtl:last:before:rounded-l-lg rtl:last:before:rounded-r-[unset] text-start pt-[15px] w-1/4 pl-4"
              data-key="4-14-1rating"
              role="gridcell"
              tabindex="-1"
            >
              <div
                aria-label="Rating"
                aria-valuemax="100"
                aria-valuemin="0"
                aria-valuenow="52"
                aria-valuetext="52%"
                class="flex flex-col gap-2 w-full max-w-[200px]"
                id="react-aria-:rb:"
                role="progressbar"
              >
                <div
                  class="flex justify-between"
                >
                  <span
                    class="text-medium"
                  >
                    52%
                  </span>
                </div>
                <div
                  class="z-0 relative overflow-hidden h-3 rounded-full hidden sm:block bg-grey dark:bg-army-green [&>div]:dark:bg-purple-750"
                >
                  <div
                    class="h-full bg-primary rounded-full transition-transform !duration-500"
                    style="transform: translateX(-100%);"
                  />
                </div>
              </div>
            </td>
          </tr>
        </tbody>
      </table>
      <div
        class="flex w-full justify-center"
      >
        <nav
          aria-label="pagination navigation"
          class="p-2.5 -m-2.5 overflow-x-scroll scrollbar-hide"
          data-active-page="1"
          data-controls="true"
          data-dots-jump="5"
          data-slot="base"
          data-testid="pagination"
          data-total="4"
          role="navigation"
        >
          <ul
            class="flex flex-nowrap h-fit relative items-center overflow-visible gap-0 shadow-sm rounded-medium max-w-full justify-center"
            data-slot="wrapper"
          >
            <span
              aria-hidden="true"
              class="absolute flex overflow-visible items-center justify-center origin-center left-0 select-none touch-none pointer-events-none z-20 data-[moving=true]:transition-transform !data-[moving=true]:duration-300 opacity-0 data-[moving]:opacity-100 shadow-primary/40 bg-primary text-primary-foreground shadow-md min-w-9 w-9 h-9 text-small rounded-medium"
              data-moving="false"
              data-slot="cursor"
              style="transform: translateX(0px) scale(1);"
            >
              1
            </span>
            <li
              aria-disabled="true"
              aria-label="previous page button"
              class="!rounded-r-none flex flex-wrap truncate box-border items-center justify-center text-default-foreground outline-none data-[focus-visible=true]:z-10 data-[focus-visible=true]:outline-2 data-[focus-visible=true]:outline-focus data-[focus-visible=true]:outline-offset-2 data-[disabled=true]:text-default-300 data-[disabled=true]:pointer-events-none shadow-sm bg-default-100 [&[data-hover=true]:not([data-active=true])]:bg-default-200 active:bg-default-300 min-w-9 w-9 h-9 text-small rounded-medium"
              data-disabled="true"
              data-slot="prev"
              role="button"
              tabindex="-1"
            >
              <svg
                aria-hidden="true"
                fill="none"
                focusable="false"
                height="1em"
                role="presentation"
                viewBox="0 0 24 24"
                width="1em"
              >
                <path
                  d="M15.5 19l-7-7 7-7"
                  stroke="currentColor"
                  stroke-linecap="round"
                  stroke-linejoin="round"
                  stroke-width="1.5"
                />
              </svg>
            </li>
            <li
              aria-current="true"
              aria-label="pagination item 1 active"
              class="tap-highlight-transparent select-none touch-none first-of-type:rounded-r-none last-of-type:rounded-l-none [&:not(:first-of-type):not(:last-of-type)]:rounded-none data-[pressed=true]:scale-[0.97] transition-transform-background flex flex-wrap truncate box-border items-center justify-center text-default-foreground outline-none data-[focus-visible=true]:z-10 data-[focus-visible=true]:outline-2 data-[focus-visible=true]:outline-focus data-[focus-visible=true]:outline-offset-2 data-[disabled=true]:text-default-300 data-[disabled=true]:pointer-events-none shadow-sm bg-default-100 [&[data-hover=true]:not([data-active=true])]:bg-default-200 active:bg-default-300 min-w-9 w-9 h-9 text-small rounded-medium"
              data-active="true"
              data-slot="item"
              role="button"
              tabindex="0"
            >
              1
            </li>
            <li
              aria-label="pagination item 2"
              class="tap-highlight-transparent select-none touch-none first-of-type:rounded-r-none last-of-type:rounded-l-none [&:not(:first-of-type):not(:last-of-type)]:rounded-none data-[pressed=true]:scale-[0.97] transition-transform-background flex flex-wrap truncate box-border items-center justify-center text-default-foreground outline-none data-[focus-visible=true]:z-10 data-[focus-visible=true]:outline-2 data-[focus-visible=true]:outline-focus data-[focus-visible=true]:outline-offset-2 data-[disabled=true]:text-default-300 data-[disabled=true]:pointer-events-none shadow-sm bg-default-100 [&[data-hover=true]:not([data-active=true])]:bg-default-200 active:bg-default-300 min-w-9 w-9 h-9 text-small rounded-medium"
              data-slot="item"
              role="button"
              tabindex="0"
            >
              2
            </li>
            <li
              aria-label="pagination item 3"
              class="tap-highlight-transparent select-none touch-none first-of-type:rounded-r-none last-of-type:rounded-l-none [&:not(:first-of-type):not(:last-of-type)]:rounded-none data-[pressed=true]:scale-[0.97] transition-transform-background flex flex-wrap truncate box-border items-center justify-center text-default-foreground outline-none data-[focus-visible=true]:z-10 data-[focus-visible=true]:outline-2 data-[focus-visible=true]:outline-focus data-[focus-visible=true]:outline-offset-2 data-[disabled=true]:text-default-300 data-[disabled=true]:pointer-events-none shadow-sm bg-default-100 [&[data-hover=true]:not([data-active=true])]:bg-default-200 active:bg-default-300 min-w-9 w-9 h-9 text-small rounded-medium"
              data-slot="item"
              role="button"
              tabindex="0"
            >
              3
            </li>
            <li
              aria-label="pagination item 4"
              class="tap-highlight-transparent select-none touch-none first-of-type:rounded-r-none last-of-type:rounded-l-none [&:not(:first-of-type):not(:last-of-type)]:rounded-none data-[pressed=true]:scale-[0.97] transition-transform-background flex flex-wrap truncate box-border items-center justify-center text-default-foreground outline-none data-[focus-visible=true]:z-10 data-[focus-visible=true]:outline-2 data-[focus-visible=true]:outline-focus data-[focus-visible=true]:outline-offset-2 data-[disabled=true]:text-default-300 data-[disabled=true]:pointer-events-none shadow-sm bg-default-100 [&[data-hover=true]:not([data-active=true])]:bg-default-200 active:bg-default-300 min-w-9 w-9 h-9 text-small rounded-medium"
              data-slot="item"
              role="button"
              tabindex="0"
            >
              4
            </li>
            <li
              aria-label="next page button"
              class="!rounded-l-none flex flex-wrap truncate box-border items-center justify-center text-default-foreground outline-none data-[focus-visible=true]:z-10 data-[focus-visible=true]:outline-2 data-[focus-visible=true]:outline-focus data-[focus-visible=true]:outline-offset-2 data-[disabled=true]:text-default-300 data-[disabled=true]:pointer-events-none shadow-sm bg-default-100 [&[data-hover=true]:not([data-active=true])]:bg-default-200 active:bg-default-300 min-w-9 w-9 h-9 text-small rounded-medium"
              data-slot="next"
              role="button"
              tabindex="0"
            >
              <svg
                aria-hidden="true"
                class="rotate-180"
                fill="none"
                focusable="false"
                height="1em"
                role="presentation"
                viewBox="0 0 24 24"
                width="1em"
              >
                <path
                  d="M15.5 19l-7-7 7-7"
                  stroke="currentColor"
                  stroke-linecap="round"
                  stroke-linejoin="round"
                  stroke-width="1.5"
                />
              </svg>
            </li>
          </ul>
        </nav>
      </div>
    </div>
  </div>
</div>
`;
